- role: system
  content: |-
    I am a helpful assistant.
- role: user
  content: |-
    Hello